
┌───────────────────────────────┐
│ OpenNext — Cloudflare preview │
└───────────────────────────────┘

WARN OpenNext is not fully compatible with Windows.
WARN For optimal performance, it is recommended to use Windows Subsystem for Linux (WSL).
WARN While OpenNext may function on Windows, it could encounter unpredictable failures during runtime.
Using secrets defined in .dev.vars

Populating Workers static assets...
Successfully populated static assets cache
Tag cache does not need populating

 ⛅️ wrangler 4.118.0
────────────────────
Using secrets defined in .dev.vars
Your Worker has access to the following bindings:
Binding                                             Resource                  Mode
env.WORKER_SELF_REFERENCE (focused-priorities)      Worker                    local [connected]
env.IMAGES                                          Images                    local
env.ASSETS                                          Assets                    local
env.NEXTJS_ENV ("(hidden)")                         Environment Variable      local


Service bindings, Durable Object bindings, and Tail consumers connect to other Wrangler or Vite dev processes running locally, with their connection status indicated by [connected] or [not connected]. For more details, refer to https://developers.cloudflare.com/workers/runtime-apis/bindings/service-bindings/#local-development

⎔ Starting local server...
[wrangler:info] ✨ Parsed 1 valid header rule.
[wrangler:info] Ready on http://127.0.0.1:8787
[wrangler:info] GET / 200 OK (150ms)
[wrangler:info] GET /_next/static/css/9770efbfa227509d.css 200 OK (178ms)
[wrangler:info] GET /_next/image 404 Not Found (180ms)
[wrangler:info] GET /_next/static/chunks/webpack-a3d417792efffc63.js 200 OK (186ms)
[wrangler:info] GET /_next/static/chunks/4bd1b696-c023c6e3521b1417.js 200 OK (9ms)
[wrangler:info] GET /_next/static/chunks/255-3d881dfa8c72bc56.js 200 OK (3ms)
[wrangler:info] GET /_next/static/chunks/main-app-ed853727e93fd5e2.js 200 OK (2ms)
[wrangler:info] GET /_next/static/chunks/894-eb27b9ecb3e0cf68.js 200 OK (3ms)
[wrangler:info] GET /_next/static/chunks/185-42e643acc3bab8ca.js 200 OK (4ms)
[wrangler:info] GET /_next/static/chunks/app/page-154c0dc6867245b4.js 200 OK (4ms)
[wrangler:info] GET /_next/static/media/904be59b21bd51cb-s.p.woff2 200 OK (6ms)
[wrangler:info] GET /_next/static/media/7b89a4fd5e90ede0-s.p.woff2 200 OK (12ms)
[wrangler:info] GET /gallery 200 OK (61ms)
[wrangler:info] GET /blog 200 OK (111ms)
[wrangler:info] GET /_next/image 200 OK (378ms)
[wrangler:info] GET /about 200 OK (71ms)
[wrangler:info] GET /gallery/hello-world 200 OK (123ms)
[wrangler:info] GET /gallery/test2 200 OK (176ms)
[wrangler:info] GET /_next/static/chunks/app/gallery/page-1682c26476ce779e.js 200 OK (6ms)
[wrangler:info] GET /_next/static/chunks/app/blog/page-816320d079a7d772.js 200 OK (5ms)
[wrangler:info] GET /_next/static/chunks/app/about/page-f9b1afcb7aa68c58.js 200 OK (5ms)
[wrangler:info] GET /_next/static/chunks/app/gallery/%5Bslug%5D/page-a437c62b87f9ef15.js 200 OK (1ms)
[wrangler:info] GET /_next/image 200 OK (768ms)
[wrangler:info] GET /_next/image 200 OK (617ms)
[wrangler:info] GET /_next/image 200 OK (856ms)
[wrangler:info] GET /favicon.ico 404 Not Found (183ms)
[wrangler:info] GET /blog/test2 200 OK (65ms)
[wrangler:info] GET /blog/hello-world 200 OK (116ms)
[wrangler:info] GET /_next/static/chunks/app/blog/%5Bslug%5D/page-2b303023b07138f9.js 200 OK (7ms)
[wrangler:info] GET /_next/image 404 Not Found (5ms)
[wrangler:info] GET /_next/image 200 OK (885ms)
[wrangler:info] GET /_next/image 404 Not Found (7ms)
[wrangler:info] Updated and ready on http://127.0.0.1:8787
[33m▲ [43;33m[[43;30mWARNING[43;33m][0m [1mUsing direct eval with a bundler is not recommended and may cause problems[0m [direct-eval]

    .open-next/server-functions/default/handler.mjs:193:8:
[37m      193 │ }());`),[32meval[37m(str)||{}}catch(err){if(wrap!==!1&&/(unexpected|ident...
          ╵         [32m~~~~[0m

  You can read more about direct eval and bundling here: [4mhttps://esbuild.github.io/link/direct-eval[0m


